Compiling 342 files with Solc 0.8.35
Solc 0.8.35 finished in 96.93s
Compiler run successful with warnings:
Warning (6335): "error" will be promoted to keyword in the future and will not be allowed as an identifier anymore.
  --> contracts/v2/tokens/StableERC4626ForVenus.sol:67:9:
   |
67 |         uint256 error = thirdPool.accrueInterest();
   |         ^^^^^^^^^^^^^

Warning (6335): "error" will be promoted to keyword in the future and will not be allowed as an identifier anymore.
  --> contracts/v2/tokens/StableERC4626ForVenus.sol:97:9:
   |
97 |         uint256 error = thirdPool.accrueInterest();
   |         ^^^^^^^^^^^^^

Warning (6335): "error" will be promoted to keyword in the future and will not be allowed as an identifier anymore.
   --> contracts/v2/tokens/StableERC4626ForVenus.sol:136:9:
    |
136 |         uint256 error = thirdPool.accrueInterest();
    |         ^^^^^^^^^^^^^

Warning (6335): "error" will be promoted to keyword in the future and will not be allowed as an identifier anymore.
    --> dependencies/forge-std-1.9.6/src/Vm.sol:1186:9:
     |
1186 |         string calldata error
     |         ^^^^^^^^^^^^^^^^^^^^^

Warning (6335): "error" will be promoted to keyword in the future and will not be allowed as an identifier anymore.
    --> dependencies/forge-std-1.9.6/src/Vm.sol:1200:9:
     |
1200 |         string calldata error
     |         ^^^^^^^^^^^^^^^^^^^^^

Warning (6335): "error" will be promoted to keyword in the future and will not be allowed as an identifier anymore.
    --> dependencies/forge-std-1.9.6/src/Vm.sol:1208:79:
     |
1208 |     function assertApproxEqAbs(uint256 left, uint256 right, uint256 maxDelta, string calldata error) external pure;
     |                                                                               ^^^^^^^^^^^^^^^^^^^^^

Warning (6335): "error" will be promoted to keyword in the future and will not be allowed as an identifier anymore.
    --> dependencies/forge-std-1.9.6/src/Vm.sol:1215:77:
     |
1215 |     function assertApproxEqAbs(int256 left, int256 right, uint256 maxDelta, string calldata error) external pure;
     |                                                                             ^^^^^^^^^^^^^^^^^^^^^

Warning (6335): "error" will be promoted to keyword in the future and will not be allowed as an identifier anymore.
    --> dependencies/forge-std-1.9.6/src/Vm.sol:1232:9:
     |
1232 |         string calldata error
     |         ^^^^^^^^^^^^^^^^^^^^^

Warning (6335): "error" will be promoted to keyword in the future and will not be allowed as an identifier anymore.
    --> dependencies/forge-std-1.9.6/src/Vm.sol:1250:9:
     |
1250 |         string calldata error
     |         ^^^^^^^^^^^^^^^^^^^^^

Warning (6335): "error" will be promoted to keyword in the future and will not be allowed as an identifier anymore.
    --> dependencies/forge-std-1.9.6/src/Vm.sol:1260:86:
     |
1260 |     function assertApproxEqRel(uint256 left, uint256 right, uint256 maxPercentDelta, string calldata error)
     |                                                                                      ^^^^^^^^^^^^^^^^^^^^^

Warning (6335): "error" will be promoted to keyword in the future and will not be allowed as an identifier anymore.
    --> dependencies/forge-std-1.9.6/src/Vm.sol:1271:84:
     |
1271 |     function assertApproxEqRel(int256 left, int256 right, uint256 maxPercentDelta, string calldata error)
     |                                                                                    ^^^^^^^^^^^^^^^^^^^^^

Warning (6335): "error" will be promoted to keyword in the future and will not be allowed as an identifier anymore.
    --> dependencies/forge-std-1.9.6/src/Vm.sol:1280:77:
     |
1280 |     function assertEqDecimal(uint256 left, uint256 right, uint256 decimals, string calldata error) external pure;
     |                                                                             ^^^^^^^^^^^^^^^^^^^^^

Warning (6335): "error" will be promoted to keyword in the future and will not be allowed as an identifier anymore.
    --> dependencies/forge-std-1.9.6/src/Vm.sol:1287:75:
     |
1287 |     function assertEqDecimal(int256 left, int256 right, uint256 decimals, string calldata error) external pure;
     |                                                                           ^^^^^^^^^^^^^^^^^^^^^

Warning (6335): "error" will be promoted to keyword in the future and will not be allowed as an identifier anymore.
    --> dependencies/forge-std-1.9.6/src/Vm.sol:1293:46:
     |
1293 |     function assertEq(bool left, bool right, string calldata error) external pure;
     |                                              ^^^^^^^^^^^^^^^^^^^^^

Warning (6335): "error" will be promoted to keyword in the future and will not be allowed as an identifier anymore.
    --> dependencies/forge-std-1.9.6/src/Vm.sol:1299:68:
     |
1299 |     function assertEq(string calldata left, string calldata right, string calldata error) external pure;
     |                                                                    ^^^^^^^^^^^^^^^^^^^^^

Warning (6335): "error" will be promoted to keyword in the future and will not be allowed as an identifier anymore.
    --> dependencies/forge-std-1.9.6/src/Vm.sol:1305:66:
     |
1305 |     function assertEq(bytes calldata left, bytes calldata right, string calldata error) external pure;
     |                                                                  ^^^^^^^^^^^^^^^^^^^^^

Warning (6335): "error" will be promoted to keyword in the future and will not be allowed as an identifier anymore.
    --> dependencies/forge-std-1.9.6/src/Vm.sol:1311:68:
     |
1311 |     function assertEq(bool[] calldata left, bool[] calldata right, string calldata error) external pure;
     |                                                                    ^^^^^^^^^^^^^^^^^^^^^

Warning (6335): "error" will be promoted to keyword in the future and will not be allowed as an identifier anymore.
    --> dependencies/forge-std-1.9.6/src/Vm.sol:1317:74:
     |
1317 |     function assertEq(uint256[] calldata left, uint256[] calldata right, string calldata error) external pure;
     |                                                                          ^^^^^^^^^^^^^^^^^^^^^

Warning (6335): "error" will be promoted to keyword in the future and will not be allowed as an identifier anymore.
    --> dependencies/forge-std-1.9.6/src/Vm.sol:1323:72:
     |
1323 |     function assertEq(int256[] calldata left, int256[] calldata right, string calldata error) external pure;
     |                                                                        ^^^^^^^^^^^^^^^^^^^^^

Warning (6335): "error" will be promoted to keyword in the future and will not be allowed as an identifier anymore.
    --> dependencies/forge-std-1.9.6/src/Vm.sol:1332:74:
     |
1332 |     function assertEq(address[] calldata left, address[] calldata right, string calldata error) external pure;
     |                                                                          ^^^^^^^^^^^^^^^^^^^^^

Warning (6335): "error" will be promoted to keyword in the future and will not be allowed as an identifier anymore.
    --> dependencies/forge-std-1.9.6/src/Vm.sol:1338:74:
     |
1338 |     function assertEq(bytes32[] calldata left, bytes32[] calldata right, string calldata error) external pure;
     |                                                                          ^^^^^^^^^^^^^^^^^^^^^

Warning (6335): "error" will be promoted to keyword in the future and will not be allowed as an identifier anymore.
    --> dependencies/forge-std-1.9.6/src/Vm.sol:1344:72:
     |
1344 |     function assertEq(string[] calldata left, string[] calldata right, string calldata error) external pure;
     |                                                                        ^^^^^^^^^^^^^^^^^^^^^

Warning (6335): "error" will be promoted to keyword in the future and will not be allowed as an identifier anymore.
    --> dependencies/forge-std-1.9.6/src/Vm.sol:1350:70:
     |
1350 |     function assertEq(bytes[] calldata left, bytes[] calldata right, string calldata error) external pure;
     |                                                                      ^^^^^^^^^^^^^^^^^^^^^

Warning (6335): "error" will be promoted to keyword in the future and will not be allowed as an identifier anymore.
    --> dependencies/forge-std-1.9.6/src/Vm.sol:1353:52:
     |
1353 |     function assertEq(uint256 left, uint256 right, string calldata error) external pure;
     |                                                    ^^^^^^^^^^^^^^^^^^^^^

Warning (6335): "error" will be promoted to keyword in the future and will not be allowed as an identifier anymore.
    --> dependencies/forge-std-1.9.6/src/Vm.sol:1359:50:
     |
1359 |     function assertEq(int256 left, int256 right, string calldata error) external pure;
     |                                                  ^^^^^^^^^^^^^^^^^^^^^

Warning (6335): "error" will be promoted to keyword in the future and will not be allowed as an identifier anymore.
    --> dependencies/forge-std-1.9.6/src/Vm.sol:1365:52:
     |
1365 |     function assertEq(address left, address right, string calldata error) external pure;
     |                                                    ^^^^^^^^^^^^^^^^^^^^^

Warning (6335): "error" will be promoted to keyword in the future and will not be allowed as an identifier anymore.
    --> dependencies/forge-std-1.9.6/src/Vm.sol:1371:52:
     |
1371 |     function assertEq(bytes32 left, bytes32 right, string calldata error) external pure;
     |                                                    ^^^^^^^^^^^^^^^^^^^^^

Warning (6335): "error" will be promoted to keyword in the future and will not be allowed as an identifier anymore.
    --> dependencies/forge-std-1.9.6/src/Vm.sol:1377:42:
     |
1377 |     function assertFalse(bool condition, string calldata error) external pure;
     |                                          ^^^^^^^^^^^^^^^^^^^^^

Warning (6335): "error" will be promoted to keyword in the future and will not be allowed as an identifier anymore.
    --> dependencies/forge-std-1.9.6/src/Vm.sol:1385:77:
     |
1385 |     function assertGeDecimal(uint256 left, uint256 right, uint256 decimals, string calldata error) external pure;
     |                                                                             ^^^^^^^^^^^^^^^^^^^^^

Warning (6335): "error" will be promoted to keyword in the future and will not be allowed as an identifier anymore.
    --> dependencies/forge-std-1.9.6/src/Vm.sol:1393:75:
     |
1393 |     function assertGeDecimal(int256 left, int256 right, uint256 decimals, string calldata error) external pure;
     |                                                                           ^^^^^^^^^^^^^^^^^^^^^

Warning (6335): "error" will be promoted to keyword in the future and will not be allowed as an identifier anymore.
    --> dependencies/forge-std-1.9.6/src/Vm.sol:1400:52:
     |
1400 |     function assertGe(uint256 left, uint256 right, string calldata error) external pure;
     |                                                    ^^^^^^^^^^^^^^^^^^^^^

Warning (6335): "error" will be promoted to keyword in the future and will not be allowed as an identifier anymore.
    --> dependencies/forge-std-1.9.6/src/Vm.sol:1407:50:
     |
1407 |     function assertGe(int256 left, int256 right, string calldata error) external pure;
     |                                                  ^^^^^^^^^^^^^^^^^^^^^

Warning (6335): "error" will be promoted to keyword in the future and will not be allowed as an identifier anymore.
    --> dependencies/forge-std-1.9.6/src/Vm.sol:1415:77:
     |
1415 |     function assertGtDecimal(uint256 left, uint256 right, uint256 decimals, string calldata error) external pure;
     |                                                                             ^^^^^^^^^^^^^^^^^^^^^

Warning (6335): "error" will be promoted to keyword in the future and will not be allowed as an identifier anymore.
    --> dependencies/forge-std-1.9.6/src/Vm.sol:1423:75:
     |
1423 |     function assertGtDecimal(int256 left, int256 right, uint256 decimals, string calldata error) external pure;
     |                                                                           ^^^^^^^^^^^^^^^^^^^^^

Warning (6335): "error" will be promoted to keyword in the future and will not be allowed as an identifier anymore.
    --> dependencies/forge-std-1.9.6/src/Vm.sol:1430:52:
     |
1430 |     function assertGt(uint256 left, uint256 right, string calldata error) external pure;
     |                                                    ^^^^^^^^^^^^^^^^^^^^^

Warning (6335): "error" will be promoted to keyword in the future and will not be allowed as an identifier anymore.
    --> dependencies/forge-std-1.9.6/src/Vm.sol:1437:50:
     |
1437 |     function assertGt(int256 left, int256 right, string calldata error) external pure;
     |                                                  ^^^^^^^^^^^^^^^^^^^^^

Warning (6335): "error" will be promoted to keyword in the future and will not be allowed as an identifier anymore.
    --> dependencies/forge-std-1.9.6/src/Vm.sol:1445:77:
     |
1445 |     function assertLeDecimal(uint256 left, uint256 right, uint256 decimals, string calldata error) external pure;
     |                                                                             ^^^^^^^^^^^^^^^^^^^^^

Warning (6335): "error" will be promoted to keyword in the future and will not be allowed as an identifier anymore.
    --> dependencies/forge-std-1.9.6/src/Vm.sol:1453:75:
     |
1453 |     function assertLeDecimal(int256 left, int256 right, uint256 decimals, string calldata error) external pure;
     |                                                                           ^^^^^^^^^^^^^^^^^^^^^

Warning (6335): "error" will be promoted to keyword in the future and will not be allowed as an identifier anymore.
    --> dependencies/forge-std-1.9.6/src/Vm.sol:1460:52:
     |
1460 |     function assertLe(uint256 left, uint256 right, string calldata error) external pure;
     |                                                    ^^^^^^^^^^^^^^^^^^^^^

Warning (6335): "error" will be promoted to keyword in the future and will not be allowed as an identifier anymore.
    --> dependencies/forge-std-1.9.6/src/Vm.sol:1467:50:
     |
1467 |     function assertLe(int256 left, int256 right, string calldata error) external pure;
     |                                                  ^^^^^^^^^^^^^^^^^^^^^

Warning (6335): "error" will be promoted to keyword in the future and will not be allowed as an identifier anymore.
    --> dependencies/forge-std-1.9.6/src/Vm.sol:1475:77:
     |
1475 |     function assertLtDecimal(uint256 left, uint256 right, uint256 decimals, string calldata error) external pure;
     |                                                                             ^^^^^^^^^^^^^^^^^^^^^

Warning (6335): "error" will be promoted to keyword in the future and will not be allowed as an identifier anymore.
    --> dependencies/forge-std-1.9.6/src/Vm.sol:1483:75:
     |
1483 |     function assertLtDecimal(int256 left, int256 right, uint256 decimals, string calldata error) external pure;
     |                                                                           ^^^^^^^^^^^^^^^^^^^^^

Warning (6335): "error" will be promoted to keyword in the future and will not be allowed as an identifier anymore.
    --> dependencies/forge-std-1.9.6/src/Vm.sol:1490:52:
     |
1490 |     function assertLt(uint256 left, uint256 right, string calldata error) external pure;
     |                                                    ^^^^^^^^^^^^^^^^^^^^^

Warning (6335): "error" will be promoted to keyword in the future and will not be allowed as an identifier anymore.
    --> dependencies/forge-std-1.9.6/src/Vm.sol:1497:50:
     |
1497 |     function assertLt(int256 left, int256 right, string calldata error) external pure;
     |                                                  ^^^^^^^^^^^^^^^^^^^^^

Warning (6335): "error" will be promoted to keyword in the future and will not be allowed as an identifier anymore.
    --> dependencies/forge-std-1.9.6/src/Vm.sol:1504:80:
     |
1504 |     function assertNotEqDecimal(uint256 left, uint256 right, uint256 decimals, string calldata error) external pure;
     |                                                                                ^^^^^^^^^^^^^^^^^^^^^

Warning (6335): "error" will be promoted to keyword in the future and will not be allowed as an identifier anymore.
    --> dependencies/forge-std-1.9.6/src/Vm.sol:1511:78:
     |
1511 |     function assertNotEqDecimal(int256 left, int256 right, uint256 decimals, string calldata error) external pure;
     |                                                                              ^^^^^^^^^^^^^^^^^^^^^

Warning (6335): "error" will be promoted to keyword in the future and will not be allowed as an identifier anymore.
    --> dependencies/forge-std-1.9.6/src/Vm.sol:1517:49:
     |
1517 |     function assertNotEq(bool left, bool right, string calldata error) external pure;
     |                                                 ^^^^^^^^^^^^^^^^^^^^^

Warning (6335): "error" will be promoted to keyword in the future and will not be allowed as an identifier anymore.
    --> dependencies/forge-std-1.9.6/src/Vm.sol:1523:71:
     |
1523 |     function assertNotEq(string calldata left, string calldata right, string calldata error) external pure;
     |                                                                       ^^^^^^^^^^^^^^^^^^^^^

Warning (6335): "error" will be promoted to keyword in the future and will not be allowed as an identifier anymore.
    --> dependencies/forge-std-1.9.6/src/Vm.sol:1529:69:
     |
1529 |     function assertNotEq(bytes calldata left, bytes calldata right, string calldata error) external pure;
     |                                                                     ^^^^^^^^^^^^^^^^^^^^^

Warning (6335): "error" will be promoted to keyword in the future and will not be allowed as an identifier anymore.
    --> dependencies/forge-std-1.9.6/src/Vm.sol:1535:71:
     |
1535 |     function assertNotEq(bool[] calldata left, bool[] calldata right, string calldata error) external pure;
     |                                                                       ^^^^^^^^^^^^^^^^^^^^^

Warning (6335): "error" will be promoted to keyword in the future and will not be allowed as an identifier anymore.
    --> dependencies/forge-std-1.9.6/src/Vm.sol:1541:77:
     |
1541 |     function assertNotEq(uint256[] calldata left, uint256[] calldata right, string calldata error) external pure;
     |                                                                             ^^^^^^^^^^^^^^^^^^^^^

Warning (6335): "error" will be promoted to keyword in the future and will not be allowed as an identifier anymore.
    --> dependencies/forge-std-1.9.6/src/Vm.sol:1547:75:
     |
1547 |     function assertNotEq(int256[] calldata left, int256[] calldata right, string calldata error) external pure;
     |                                                                           ^^^^^^^^^^^^^^^^^^^^^

Warning (6335): "error" will be promoted to keyword in the future and will not be allowed as an identifier anymore.
    --> dependencies/forge-std-1.9.6/src/Vm.sol:1556:77:
     |
1556 |     function assertNotEq(address[] calldata left, address[] calldata right, string calldata error) external pure;
     |                                                                             ^^^^^^^^^^^^^^^^^^^^^

Warning (6335): "error" will be promoted to keyword in the future and will not be allowed as an identifier anymore.
    --> dependencies/forge-std-1.9.6/src/Vm.sol:1562:77:
     |
1562 |     function assertNotEq(bytes32[] calldata left, bytes32[] calldata right, string calldata error) external pure;
     |                                                                             ^^^^^^^^^^^^^^^^^^^^^

Warning (6335): "error" will be promoted to keyword in the future and will not be allowed as an identifier anymore.
    --> dependencies/forge-std-1.9.6/src/Vm.sol:1568:75:
     |
1568 |     function assertNotEq(string[] calldata left, string[] calldata right, string calldata error) external pure;
     |                                                                           ^^^^^^^^^^^^^^^^^^^^^

Warning (6335): "error" will be promoted to keyword in the future and will not be allowed as an identifier anymore.
    --> dependencies/forge-std-1.9.6/src/Vm.sol:1574:73:
     |
1574 |     function assertNotEq(bytes[] calldata left, bytes[] calldata right, string calldata error) external pure;
     |                                                                         ^^^^^^^^^^^^^^^^^^^^^

Warning (6335): "error" will be promoted to keyword in the future and will not be allowed as an identifier anymore.
    --> dependencies/forge-std-1.9.6/src/Vm.sol:1577:55:
     |
1577 |     function assertNotEq(uint256 left, uint256 right, string calldata error) external pure;
     |                                                       ^^^^^^^^^^^^^^^^^^^^^

Warning (6335): "error" will be promoted to keyword in the future and will not be allowed as an identifier anymore.
    --> dependencies/forge-std-1.9.6/src/Vm.sol:1583:53:
     |
1583 |     function assertNotEq(int256 left, int256 right, string calldata error) external pure;
     |                                                     ^^^^^^^^^^^^^^^^^^^^^

Warning (6335): "error" will be promoted to keyword in the future and will not be allowed as an identifier anymore.
    --> dependencies/forge-std-1.9.6/src/Vm.sol:1589:55:
     |
1589 |     function assertNotEq(address left, address right, string calldata error) external pure;
     |                                                       ^^^^^^^^^^^^^^^^^^^^^

Warning (6335): "error" will be promoted to keyword in the future and will not be allowed as an identifier anymore.
    --> dependencies/forge-std-1.9.6/src/Vm.sol:1595:55:
     |
1595 |     function assertNotEq(bytes32 left, bytes32 right, string calldata error) external pure;
     |                                                       ^^^^^^^^^^^^^^^^^^^^^

Warning (6335): "error" will be promoted to keyword in the future and will not be allowed as an identifier anymore.
    --> dependencies/forge-std-1.9.6/src/Vm.sol:1601:41:
     |
1601 |     function assertTrue(bool condition, string calldata error) external pure;
     |                                         ^^^^^^^^^^^^^^^^^^^^^

Warning (4591): There are more than 256 warnings. Ignoring the rest.

Ran 1 test for test/v2/VaultBadDebtScaleAudit.t.sol:VaultBadDebtScaleAudit
[PASS] testAudit_ScaledRealizedLossIsShiftedToRemainingLPs() (gas: 2010337)
Logs:
  bad debt raw: 50000000000
  delivered collateral raw: 500000000000000000
  delivered collateral value in debt raw: 25000000000
  realized net loss raw: 25000000000
  exiting LP shares: 1000000000000
  stale redeem payout raw: 1001205479449
  fair loss-adjusted payout raw: 988705479450
  loss shifted to remaining LPs raw: 12499999999

Suite result: ok. 1 passed; 0 failed; 0 skipped; finished in 18.52ms (1.68ms CPU time)

Ran 1 test suite in 19.24ms (18.52ms CPU time): 1 tests passed, 0 failed, 0 skipped (1 total tests)
